###########################################################
If your primary database is messed with controlfile and
datafiles then how to switchover the standby to primary database
############################################################
Shutdown primary database.
Check the archivals last archival counter on primary fast_recovery_area
If upto that file archival is not exists on standby then copy remotely to the 
same archival destination on standby side apply.
Open standby in mount mode
Monitor alert logs of standby database
SQL> recover database using backup controlfile until cancel;
Apply those archivals.
and open the database 
SQL> alter database open;
If the database open successfully then
shutdown immediate

On standby database,
SQL>  ALTER DATABASE RECOVER MANAGED STANDBY DATABASE DISCONNECT FROM SESSION;

Database altered.

SQL> ALTER DATABASE RECOVER MANAGED STANDBY DATABASE CANCEL;

Database altered.

SQL> SELECT PROCESS, STATUS FROM V$MANAGED_STANDBY;

SQL> select message from v$dataguard_status;

ALTER DATABASE COMMIT TO SWITCHOVER TO PRIMARY;
*
ERROR at line 1:
ORA-01153: an incompatible media recovery is active
If it shows such error then

SQL> ALTER DATABASE RECOVER MANAGED STANDBY DATABASE FINISH FORCE;

Database altered.


SQL> ALTER DATABASE OPEN;

Database altered.

SQL> shutdown immediate
Database closed.
Database dismounted.
ORACLE instance shut down.
SQL> quit
And at the end start the database again.

SQL> startup





